// Jest Snapshot v1, https://jestjs.io/docs/snapshot-testing

exports[`MermaidVisualizer should generate mermaid diagram 1`] = `
"---
title: Database Schema
---
erDiagram
  users ||--o{ ORDER : places
users {
INTEGER id
VARCHAR(255) email
VARCHAR(100) username
}

posts ||--o{ ORDER : places
posts {
INTEGER id
VARCHAR(255) title
TEXT content
}

comments ||--o{ ORDER : places
comments {
INTEGER id
TEXT text
INTEGER post_id
INTEGER user_id
}"
`;
