// Jest Snapshot v1, https://jestjs.io/docs/snapshot-testing

exports[`MermaidVisualizer should generate mermaid diagram 1`] = `
"---
title: Database Schema
---
%%{
    init: {
        'theme': 'base',
        'themeVariables': {
            'primaryColor': '#ffffff',
            'lineColor': '#000000',
            'mainBkg': '#ffffff'
        }
    }
}%%

erDiagram
    
    users {
        integer id PK ""
        varchar(255) email  ""
        varchar(100) username  ""
        varchar(255) password_hash  "This cannot be the actual password"
    }
    
    posts {
        integer id PK ""
        varchar(255) title  ""
        text content  ""
    }
    comments ||--o{ posts: -
    comments ||--o{ users: -
    style comments fill:palegreen,stroke:palegreen,stroke-width:4px
    comments {
        integer id PK ""
        text text  ""
        integer post_id FK ""
        integer user_id FK ""
    }"
`;
