// Jest Snapshot v1, https://jestjs.io/docs/snapshot-testing

exports[`MermaidVisualizer should generate mermaid diagram 1`] = `
"---
title: Database Schema
---
erDiagram
    users {
        INTEGER id PK
    VARCHAR(255) email 
    VARCHAR(100) username 
}
posts {
        INTEGER id PK
    VARCHAR(255) title 
    TEXT content 
}
comments ||--o{ posts: uses
comments ||--o{ users: uses
comments {
        INTEGER id PK
    TEXT text 
    INTEGER post_id FK
    INTEGER user_id FK
}"
`;
